core_cm3.h:1876:26:ITM_SendChar	16	static,ignoring_inline_asm
uart.h:15:9:dataCreate	16	static
uart.h:29:9:dataDecrypt	24	static
uart.h:56:9:chars2int	24	static
uart.h:73:9:dataHEXDecrypt32BitBuf	32	static
main.c:81:5:main	8	static,ignoring_inline_asm
main.c:134:6:SystemClock_Config	88	static
main.c:179:13:MX_ADC1_Init	24	static
main.c:224:13:MX_TIM1_Init	96	static
main.c:298:13:MX_USART1_UART_Init	8	static
main.c:331:13:MX_USART2_UART_Init	8	static
main.c:364:13:MX_GPIO_Init	40	static
main.c:407:6:HAL_UART_RxCpltCallback	40	static,ignoring_inline_asm
main.c:474:6:HAL_ADC_ConvCpltCallback	16	static
main.c:487:5:_write	32	static
main.c:500:6:Error_Handler	4	static,ignoring_inline_asm
