core_cm3.h:1876:26:ITM_SendChar	16	static,ignoring_inline_asm
uart.h:15:9:dataCreate	16	static
uart.h:29:9:dataDecrypt	24	static
uart.h:56:9:chars2int	24	static
uart.h:73:9:dataHEXDecrypt32BitBuf	32	static
main.c:82:5:main	8	static,ignoring_inline_asm
main.c:135:6:SystemClock_Config	88	static
main.c:180:13:MX_ADC1_Init	24	static
main.c:225:13:MX_TIM1_Init	96	static
main.c:299:13:MX_USART1_UART_Init	8	static
main.c:332:13:MX_USART2_UART_Init	8	static
main.c:365:13:MX_GPIO_Init	40	static
main.c:408:6:HAL_UART_RxCpltCallback	48	static,ignoring_inline_asm
main.c:489:6:HAL_ADC_ConvCpltCallback	16	static
main.c:502:5:_write	32	static
main.c:515:6:Error_Handler	4	static,ignoring_inline_asm
